com/marklogic/configuration/properties/SamlListenerProperties.class
com/marklogic/service/StartupDisplayService.class
com/marklogic/service/LDAPListenerService.class
com/marklogic/processors/ProxyRequestProcessor.class
com/marklogic/repository/JsonUserRepository$UsersWrapper.class
com/marklogic/configuration/KerberosSecurityConfig.class
com/marklogic/configuration/properties/LdapListenerProperties.class
com/marklogic/handlers/undertow/OAuthTokenHandler.class
com/marklogic/handlers/undertow/SAMLWrapAssertionHandler.class
com/marklogic/handlers/undertow/B64DecodeHandler.class
com/marklogic/handlers/undertow/KerberosSAMLBridgeHandler.class
com/marklogic/repository/XmlUserRepository.class
com/marklogic/handlers/undertow/KerberosAuthHandler.class
com/marklogic/handlers/undertow/B64EncodeHandler.class
com/marklogic/service/RefreshTokenService$TokenValidationResult.class
com/marklogic/configuration/JsonUserRepositoryConfig.class
com/marklogic/security/KerberosAuthenticationFilter.class
com/marklogic/service/LDAPServerService.class
com/marklogic/service/MarkLogicConfigService.class
com/marklogic/configuration/properties/RequestProcessorProperties.class
com/marklogic/handlers/undertow/KerberosOAuthBridgeHandler.class
com/marklogic/service/LDAPRoleService.class
com/marklogic/handlers/Applicationlistener.class
com/marklogic/configuration/properties/DirectoryServerProperties.class
com/marklogic/processors/IRequestProcessor.class
com/marklogic/configuration/properties/ServerSetProperties.class
com/marklogic/service/RefreshTokenService.class
com/marklogic/configuration/properties/KerberosProperties.class
com/marklogic/handlers/undertow/SAMLCaCertsHandler.class
com/marklogic/handlers/KerberosKDCServer.class
com/marklogic/processors/SearchResultListener.class
com/marklogic/handlers/LDAPRequestHandler.class
com/marklogic/configuration/properties/LdapServerProperties.class
com/marklogic/repository/XmlUserRepository$UserInfo.class
com/marklogic/configuration/MleaProxyPropertiesConfig.class
com/marklogic/repository/JsonUserRepository.class
com/marklogic/service/CertificateService.class
com/marklogic/MLEAProxy.class
com/marklogic/repository/JsonUserRepository$UserInfo.class
com/marklogic/processors/XMLRequestProcessor.class
com/marklogic/beans/SamlBean.class
com/marklogic/service/RefreshTokenService$1.class
com/marklogic/security/KerberosAuthenticationFilter$1.class
com/marklogic/handlers/undertow/KerberosOAuthBridgeHandler$1.class
com/marklogic/handlers/undertow/SAMLAuthHandler.class
com/marklogic/processors/BindSearchCustomResultProcessor.class
com/marklogic/processors/JsonRequestProcessor.class
com/marklogic/handlers/undertow/KerberosSAMLBridgeHandler$1.class
com/marklogic/handlers/KerberosKDCServer$Principal.class
com/marklogic/AssertionSigner.class
com/marklogic/Utils.class
com/marklogic/service/RefreshTokenService$RefreshTokenData.class
com/marklogic/configuration/properties/MleaProxyProperties.class
com/marklogic/handlers/NullServerSet.class
