/Users/martin/Documents/Projects/MLEAProxy/src/main/java/com/marklogic/AssertionSigner.java
/Users/martin/Documents/Projects/MLEAProxy/src/main/java/com/marklogic/MLEAProxy.java
/Users/martin/Documents/Projects/MLEAProxy/src/main/java/com/marklogic/Utils.java
/Users/martin/Documents/Projects/MLEAProxy/src/main/java/com/marklogic/beans/SamlBean.java
/Users/martin/Documents/Projects/MLEAProxy/src/main/java/com/marklogic/configuration/JsonUserRepositoryConfig.java
/Users/martin/Documents/Projects/MLEAProxy/src/main/java/com/marklogic/configuration/KerberosSecurityConfig.java
/Users/martin/Documents/Projects/MLEAProxy/src/main/java/com/marklogic/configuration/MleaProxyPropertiesConfig.java
/Users/martin/Documents/Projects/MLEAProxy/src/main/java/com/marklogic/configuration/properties/DirectoryServerProperties.java
/Users/martin/Documents/Projects/MLEAProxy/src/main/java/com/marklogic/configuration/properties/KerberosProperties.java
/Users/martin/Documents/Projects/MLEAProxy/src/main/java/com/marklogic/configuration/properties/LdapListenerProperties.java
/Users/martin/Documents/Projects/MLEAProxy/src/main/java/com/marklogic/configuration/properties/LdapServerProperties.java
/Users/martin/Documents/Projects/MLEAProxy/src/main/java/com/marklogic/configuration/properties/MleaProxyProperties.java
/Users/martin/Documents/Projects/MLEAProxy/src/main/java/com/marklogic/configuration/properties/RequestProcessorProperties.java
/Users/martin/Documents/Projects/MLEAProxy/src/main/java/com/marklogic/configuration/properties/SamlListenerProperties.java
/Users/martin/Documents/Projects/MLEAProxy/src/main/java/com/marklogic/configuration/properties/ServerSetProperties.java
/Users/martin/Documents/Projects/MLEAProxy/src/main/java/com/marklogic/handlers/ApplicationListener.java
/Users/martin/Documents/Projects/MLEAProxy/src/main/java/com/marklogic/handlers/KerberosKDCServer.java
/Users/martin/Documents/Projects/MLEAProxy/src/main/java/com/marklogic/handlers/LDAPRequestHandler.java
/Users/martin/Documents/Projects/MLEAProxy/src/main/java/com/marklogic/handlers/NullServerSet.java
/Users/martin/Documents/Projects/MLEAProxy/src/main/java/com/marklogic/handlers/undertow/B64DecodeHandler.java
/Users/martin/Documents/Projects/MLEAProxy/src/main/java/com/marklogic/handlers/undertow/B64EncodeHandler.java
/Users/martin/Documents/Projects/MLEAProxy/src/main/java/com/marklogic/handlers/undertow/KerberosAuthHandler.java
/Users/martin/Documents/Projects/MLEAProxy/src/main/java/com/marklogic/handlers/undertow/KerberosOAuthBridgeHandler.java
/Users/martin/Documents/Projects/MLEAProxy/src/main/java/com/marklogic/handlers/undertow/KerberosSAMLBridgeHandler.java
/Users/martin/Documents/Projects/MLEAProxy/src/main/java/com/marklogic/handlers/undertow/OAuthTokenHandler.java
/Users/martin/Documents/Projects/MLEAProxy/src/main/java/com/marklogic/handlers/undertow/SAMLAuthHandler.java
/Users/martin/Documents/Projects/MLEAProxy/src/main/java/com/marklogic/handlers/undertow/SAMLCaCertsHandler.java
/Users/martin/Documents/Projects/MLEAProxy/src/main/java/com/marklogic/handlers/undertow/SAMLWrapAssertionHandler.java
/Users/martin/Documents/Projects/MLEAProxy/src/main/java/com/marklogic/processors/BindSearchCustomResultProcessor.java
/Users/martin/Documents/Projects/MLEAProxy/src/main/java/com/marklogic/processors/IRequestProcessor.java
/Users/martin/Documents/Projects/MLEAProxy/src/main/java/com/marklogic/processors/JsonRequestProcessor.java
/Users/martin/Documents/Projects/MLEAProxy/src/main/java/com/marklogic/processors/ProxyRequestProcessor.java
/Users/martin/Documents/Projects/MLEAProxy/src/main/java/com/marklogic/processors/SearchResultListener.java
/Users/martin/Documents/Projects/MLEAProxy/src/main/java/com/marklogic/processors/XMLRequestProcessor.java
/Users/martin/Documents/Projects/MLEAProxy/src/main/java/com/marklogic/repository/JsonUserRepository.java
/Users/martin/Documents/Projects/MLEAProxy/src/main/java/com/marklogic/repository/XmlUserRepository.java
/Users/martin/Documents/Projects/MLEAProxy/src/main/java/com/marklogic/security/KerberosAuthenticationFilter.java
/Users/martin/Documents/Projects/MLEAProxy/src/main/java/com/marklogic/service/CertificateService.java
/Users/martin/Documents/Projects/MLEAProxy/src/main/java/com/marklogic/service/LDAPListenerService.java
/Users/martin/Documents/Projects/MLEAProxy/src/main/java/com/marklogic/service/LDAPRoleService.java
/Users/martin/Documents/Projects/MLEAProxy/src/main/java/com/marklogic/service/LDAPServerService.java
/Users/martin/Documents/Projects/MLEAProxy/src/main/java/com/marklogic/service/MarkLogicConfigService.java
/Users/martin/Documents/Projects/MLEAProxy/src/main/java/com/marklogic/service/RefreshTokenService.java
/Users/martin/Documents/Projects/MLEAProxy/src/main/java/com/marklogic/service/StartupDisplayService.java
